test_inventory_dp_matches_independent_exhaustive_enumeration (test_algorithm_modules.DynamicModuleTests.test_inventory_dp_matches_independent_exhaustive_enumeration) ... ok
test_mdp_rejects_nonstochastic_rows_and_undiscounted_shortcut (test_algorithm_modules.DynamicModuleTests.test_mdp_rejects_nonstochastic_rows_and_undiscounted_shortcut) ... ok
test_mpc_constraints_dynamics_and_unconstrained_riccati_reference (test_algorithm_modules.DynamicModuleTests.test_mpc_constraints_dynamics_and_unconstrained_riccati_reference) ... ok
test_value_and_policy_iteration_match_absorbing_mdp_solution (test_algorithm_modules.DynamicModuleTests.test_value_and_policy_iteration_match_absorbing_mdp_solution) ... ok
test_metric_invariance_and_partition_area (test_algorithm_modules.GeometryModuleTests.test_metric_invariance_and_partition_area) ... ok
test_segment_domains_and_degeneracy (test_algorithm_modules.GeometryModuleTests.test_segment_domains_and_degeneracy) ... ok
test_bounded_fit_recovers_parameters_and_exposes_unidentifiability (test_algorithm_modules.InverseModuleTests.test_bounded_fit_recovers_parameters_and_exposes_unidentifiability) ... ok
test_posterior_and_predictive_variance_against_conjugate_formula (test_algorithm_modules.InverseModuleTests.test_posterior_and_predictive_variance_against_conjugate_formula) ... ok
test_regularization_has_analytic_solution_and_rejects_negative_penalty (test_algorithm_modules.InverseModuleTests.test_regularization_has_analytic_solution_and_rejects_negative_penalty) ... ok
test_seeded_chains_match_known_target_without_claiming_general_convergence (test_algorithm_modules.InverseModuleTests.test_seeded_chains_match_known_target_without_claiming_general_convergence) ... ok
test_fem_checks_field_between_nodes_not_only_nodal_fit (test_algorithm_modules.MechanisticModuleTests.test_fem_checks_field_between_nodes_not_only_nodal_fit) ... ok
test_heat_boundaries_and_refinement (test_algorithm_modules.MechanisticModuleTests.test_heat_boundaries_and_refinement) ... ok
test_heat_rejects_unstable_step_and_invalid_domain (test_algorithm_modules.MechanisticModuleTests.test_heat_rejects_unstable_step_and_invalid_domain) ... ok
test_ode_integrators_recover_manufactured_solutions (test_algorithm_modules.MechanisticModuleTests.test_ode_integrators_recover_manufactured_solutions) ... ok
test_interpolation_domain_and_quadrature_accuracy (test_algorithm_modules.NumericalModuleTests.test_interpolation_domain_and_quadrature_accuracy) ... ok
test_roots_and_linear_algebra_against_analytic_solutions (test_algorithm_modules.NumericalModuleTests.test_roots_and_linear_algebra_against_analytic_solutions) ... ok
test_box_counterpart_satisfies_all_vertices_and_known_optimum (test_algorithm_modules.UncertainModuleTests.test_box_counterpart_satisfies_all_vertices_and_known_optimum) ... ok
test_capacity_is_shared_and_recourse_remains_feasible (test_algorithm_modules.UncertainModuleTests.test_capacity_is_shared_and_recourse_remains_feasible) ... ok
test_shared_decision_matches_piecewise_cost_and_information_bounds (test_algorithm_modules.UncertainModuleTests.test_shared_decision_matches_piecewise_cost_and_information_bounds) ... ok
test_uncertainty_probabilities_are_not_silently_repaired (test_algorithm_modules.UncertainModuleTests.test_uncertainty_probabilities_are_not_silently_repaired) ... ok
test_holdout_evaluation_never_refits_or_tunes (test_algorithms.ClassificationIsolationTests.test_holdout_evaluation_never_refits_or_tunes) ... ok
test_scaler_is_fitted_on_each_training_fold_then_refitted_once (test_algorithms.ClassificationIsolationTests.test_scaler_is_fitted_on_each_training_fold_then_refitted_once) ... ok
test_changed_expected_answer_fails_and_changes_input_hash (test_algorithms.NumericBaselineTests.test_changed_expected_answer_fails_and_changes_input_hash) ... ok
test_evaluation_rejects_undefined_scores (test_algorithms.NumericBaselineTests.test_evaluation_rejects_undefined_scores) ... ok
test_forecast_requires_future_times_and_retains_nonzero_intercept (test_algorithms.NumericBaselineTests.test_forecast_requires_future_times_and_retains_nonzero_intercept) ... ok
test_infeasible_optimization_is_not_reported_as_solution (test_algorithms.NumericBaselineTests.test_infeasible_optimization_is_not_reported_as_solution) ... ok
test_known_numeric_answers_and_reproducible_result_identity (test_algorithms.NumericBaselineTests.test_known_numeric_answers_and_reproducible_result_identity) ... ok
test_changed_revision_requires_new_restore_preview (test_delivery_protocol.DeliveryProtocolTests.test_changed_revision_requires_new_restore_preview) ... ok
test_checkpoint_preserves_prior_version_through_later_edits (test_delivery_protocol.DeliveryProtocolTests.test_checkpoint_preserves_prior_version_through_later_edits) ... ok
test_corrupted_snapshot_is_rejected_before_changing_working_files (test_delivery_protocol.DeliveryProtocolTests.test_corrupted_snapshot_is_rejected_before_changing_working_files) ... ok
test_restore_is_previewed_and_keeps_recovery_copy (test_delivery_protocol.DeliveryProtocolTests.test_restore_is_previewed_and_keeps_recovery_copy) ... ok
test_allow_requires_license_and_an_existing_evidence_file (test_distribution.DistributionTests.test_allow_requires_license_and_an_existing_evidence_file) ... ok
test_authorization_evidence_must_stay_inside_source_tree (test_distribution.DistributionTests.test_authorization_evidence_must_stay_inside_source_tree) ... ok
test_check_mode_does_not_create_destination (test_distribution.DistributionTests.test_check_mode_does_not_create_destination) ... ok
test_invalid_version_cannot_escape_output_directory (test_distribution.DistributionTests.test_invalid_version_cannot_escape_output_directory) ... ok
test_local_archive_is_complete_labelled_and_ignores_checkout_mirror (test_distribution.DistributionTests.test_local_archive_is_complete_labelled_and_ignores_checkout_mirror) ... ok
test_manifest_detects_modified_payload_and_extra_files (test_distribution.DistributionTests.test_manifest_detects_modified_payload_and_extra_files) ... ok
test_release_fails_closed_before_writing_archives (test_distribution.DistributionTests.test_release_fails_closed_before_writing_archives) ... ok
test_resource_audit_detects_an_omitted_executable_reference (test_distribution.DistributionTests.test_resource_audit_detects_an_omitted_executable_reference) ... ok
test_restricted_components_are_excluded_even_when_other_files_allowed (test_distribution.DistributionTests.test_restricted_components_are_excluded_even_when_other_files_allowed) ... ok
test_sync_copies_scripts_removes_stale_tools_and_becomes_idempotent (test_distribution.DistributionTests.test_sync_copies_scripts_removes_stale_tools_and_becomes_idempotent) ... ok
test_sync_refuses_a_destination_outside_generated_directory (test_distribution.DistributionTests.test_sync_refuses_a_destination_outside_generated_directory) ... ok
test_unclassified_resource_blocks_release (test_distribution.DistributionTests.test_unclassified_resource_blocks_release) ... ok
test_detects_tracked_changes_in_docx_parts (test_docx_tools.AcceptChangesTests.test_detects_tracked_changes_in_docx_parts) ... ok
test_timeout_is_failure_and_does_not_publish_output (test_docx_tools.AcceptChangesTests.test_timeout_is_failure_and_does_not_publish_output) ... ok
test_comment_text_and_author_are_xml_escaped (test_docx_tools.CommentTests.test_comment_text_and_author_are_xml_escaped) ... ok
test_missing_parent_does_not_modify_package (test_docx_tools.CommentTests.test_missing_parent_does_not_modify_package) ... ok
test_broken_extension_import_is_not_reported_as_available (test_environment.DocxEnvironmentTests.test_broken_extension_import_is_not_reported_as_available) ... ok
test_converter_path_must_actually_execute (test_environment.DocxEnvironmentTests.test_converter_path_must_actually_execute) ... ok
test_missing_defusedxml_is_a_required_dependency_failure (test_environment.DocxEnvironmentTests.test_missing_defusedxml_is_a_required_dependency_failure) ... ok
test_missing_optional_converter_does_not_block_native_docx (test_environment.DocxEnvironmentTests.test_missing_optional_converter_does_not_block_native_docx) ... ok
test_working_converter_reports_version (test_environment.DocxEnvironmentTests.test_working_converter_reports_version) ... ok
test_real_isolated_import_ignores_project_shadow_and_pythonpath (test_environment_report.ActualProbeTests.test_real_isolated_import_ignores_project_shadow_and_pythonpath) ... ok
test_real_timeout_is_an_error_and_never_returns_child_output (test_environment_report.ActualProbeTests.test_real_timeout_is_an_error_and_never_returns_child_output) ... ok
test_real_user_site_is_visible_and_broken_imports_do_not_expose_exception_secrets (test_environment_report.ActualProbeTests.test_real_user_site_is_visible_and_broken_imports_do_not_expose_exception_secrets) ... ok
test_version_probe_returns_only_version_and_discarded_failure_output (test_environment_report.ActualProbeTests.test_version_probe_returns_only_version_and_discarded_failure_output) ... ok
test_aggregate_repairs_exclude_optional_packages_and_preserve_explicit_false (test_environment_report.EnvironmentReportTests.test_aggregate_repairs_exclude_optional_packages_and_preserve_explicit_false) ... ok
test_command_lookup_never_executes_project_or_relative_path_programs (test_environment_report.EnvironmentReportTests.test_command_lookup_never_executes_project_or_relative_path_programs) ... ok
test_copy_commands_quote_paths_and_constraints_for_each_shell (test_environment_report.EnvironmentReportTests.test_copy_commands_quote_paths_and_constraints_for_each_shell) ... ok
test_dispatch_leaves_all_project_bytes_revision_and_legacy_state_unchanged (test_environment_report.EnvironmentReportTests.test_dispatch_leaves_all_project_bytes_revision_and_legacy_state_unchanged) ... ok
test_drawio_does_not_require_desktop_and_scivis_does_not_select_all_gui_tools (test_environment_report.EnvironmentReportTests.test_drawio_does_not_require_desktop_and_scivis_does_not_select_all_gui_tools) ... ok
test_feature_install_ranges_match_the_declared_project_extras (test_environment_report.EnvironmentReportTests.test_feature_install_ranges_match_the_declared_project_extras) ... ok
test_latexmk_alone_cannot_satisfy_an_actual_tex_engine (test_environment_report.EnvironmentReportTests.test_latexmk_alone_cannot_satisfy_an_actual_tex_engine) ... ok
test_legacy_material_and_explicit_word_page_requirements_need_real_routes (test_environment_report.EnvironmentReportTests.test_legacy_material_and_explicit_word_page_requirements_need_real_routes) ... ok
test_only_python_is_core_and_modeling_does_not_require_every_optional_package (test_environment_report.EnvironmentReportTests.test_only_python_is_core_and_modeling_does_not_require_every_optional_package) ... ok
test_scope_format_and_input_materials_select_only_relevant_features (test_environment_report.EnvironmentReportTests.test_scope_format_and_input_materials_select_only_relevant_features) ... ok
test_service_checks_never_return_credentials_or_read_dotenv (test_environment_report.EnvironmentReportTests.test_service_checks_never_return_credentials_or_read_dotenv) ... ok
test_uninitialized_project_is_not_created_by_environment (test_environment_report.EnvironmentReportTests.test_uninitialized_project_is_not_created_by_environment) ... ok
test_cases_environment_generates_two_rows (test_equations.EquationConversionTests.test_cases_environment_generates_two_rows) ... ok
test_common_commands_are_not_silently_corrupted (test_equations.EquationConversionTests.test_common_commands_are_not_silently_corrupted) ... ok
test_common_modeling_operators_and_styles_are_supported (test_equations.EquationConversionTests.test_common_modeling_operators_and_styles_are_supported) ... ok
test_common_physics_constants_delimiters_and_number_sets_are_supported (test_equations.EquationConversionTests.test_common_physics_constants_delimiters_and_number_sets_are_supported) ... ok
test_conversion_pair_restores_old_files_when_manifest_replace_fails (test_equations.EquationConversionTests.test_conversion_pair_restores_old_files_when_manifest_replace_fails) ... ok
test_converts_complete_latex_to_docx_with_pandoc_atomically (test_equations.EquationConversionTests.test_converts_complete_latex_to_docx_with_pandoc_atomically) ... ok
test_matrix_generates_matrix_rows (test_equations.EquationConversionTests.test_matrix_generates_matrix_rows) ... ok
test_nth_root_contains_visible_degree (test_equations.EquationConversionTests.test_nth_root_contains_visible_degree) ... ok
test_physics_greek_letters_relations_and_inverse_trig_are_supported (test_equations.EquationConversionTests.test_physics_greek_letters_relations_and_inverse_trig_are_supported) ... ok
test_replaces_every_matching_placeholder (test_equations.EquationConversionTests.test_replaces_every_matching_placeholder) ... ok
test_replaces_placeholder_inside_table_cell (test_equations.EquationConversionTests.test_replaces_placeholder_inside_table_cell) ... ok
test_unbalanced_group_fails_explicitly (test_equations.EquationConversionTests.test_unbalanced_group_fails_explicitly) ... ok
test_unknown_command_fails_explicitly (test_equations.EquationConversionTests.test_unknown_command_fails_explicitly) ... ok
test_accepts_three_candidates_per_category_with_svg_png_pairs (test_figure_tools.FigureAuditTests.test_accepts_three_candidates_per_category_with_svg_png_pairs) ... ok
test_rejects_global_shortage_and_uncovered_questions (test_figure_tools.FigureAuditTests.test_rejects_global_shortage_and_uncovered_questions) ... ok
test_rejects_low_dpi_and_missing_editable_text (test_figure_tools.FigureAuditTests.test_rejects_low_dpi_and_missing_editable_text) ... ok
test_rejects_missing_format_pair (test_figure_tools.FigureAuditTests.test_rejects_missing_format_pair) ... ok
test_requires_explicit_complete_question_list (test_figure_tools.FigureAuditTests.test_requires_explicit_complete_question_list) ... ok
test_copied_helper_allows_output_inside_project_root (test_figure_tools.PlotStyleTests.test_copied_helper_allows_output_inside_project_root) ... ok
test_copied_helper_still_refuses_the_real_skill_root (test_figure_tools.PlotStyleTests.test_copied_helper_still_refuses_the_real_skill_root) ... ok
test_design_audit_associates_colorbar_with_its_own_image (test_figure_tools.PlotStyleTests.test_design_audit_associates_colorbar_with_its_own_image) ... ok
test_design_audit_reads_left_title_negative_bars_and_figure_legend (test_figure_tools.PlotStyleTests.test_design_audit_reads_left_title_negative_bars_and_figure_legend) ... ok
test_design_audit_rejects_dense_markers_and_nonzero_bar_baseline (test_figure_tools.PlotStyleTests.test_design_audit_rejects_dense_markers_and_nonzero_bar_baseline) ... ok
test_design_audit_rejects_redundant_colorbar_for_annotated_2x2_matrix (test_figure_tools.PlotStyleTests.test_design_audit_rejects_redundant_colorbar_for_annotated_2x2_matrix) ... ok
test_layout_audit_detects_overlapping_ticks (test_figure_tools.PlotStyleTests.test_layout_audit_detects_overlapping_ticks) ... ok
test_matlab_export_uses_design_audit (test_figure_tools.PlotStyleTests.test_matlab_export_uses_design_audit) ... ok
test_palette_is_unique_and_colorblind_oriented (test_figure_tools.PlotStyleTests.test_palette_is_unique_and_colorblind_oriented) ... ok
test_publication_subplots_preserves_declared_panel_hierarchy (test_figure_tools.PlotStyleTests.test_publication_subplots_preserves_declared_panel_hierarchy) ... ok
test_real_export_passes_file_audit (test_figure_tools.PlotStyleTests.test_real_export_passes_file_audit) ... ok
test_refuses_output_inside_skill_root (test_figure_tools.PlotStyleTests.test_refuses_output_inside_skill_root) ... ok
test_all_contests_share_the_eight_figure_quality_default (test_latex_paper.LatexPaperTests.test_all_contests_share_the_eight_figure_quality_default) ... ok
test_appendix_page_argument_requires_appendix_source (test_latex_paper.LatexPaperTests.test_appendix_page_argument_requires_appendix_source) ... ok
test_binding_rejects_invalid_existing_entries (test_latex_paper.LatexPaperTests.test_binding_rejects_invalid_existing_entries) ... ok
test_bound_resource_drift_blocks_validation (test_latex_paper.LatexPaperTests.test_bound_resource_drift_blocks_validation) ... ok
test_build_gate_rejects_layout_and_font_warnings (test_latex_paper.LatexPaperTests.test_build_gate_rejects_layout_and_font_warnings) ... ok
test_compilation_runs_in_isolated_copy_and_cannot_modify_original (test_latex_paper.LatexPaperTests.test_compilation_runs_in_isolated_copy_and_cannot_modify_original) ... ok
test_copies_complete_official_template_project (test_latex_paper.LatexPaperTests.test_copies_complete_official_template_project) ... ok
test_counts_each_double_dollar_formula_once (test_latex_paper.LatexPaperTests.test_counts_each_double_dollar_formula_once) ... ok
test_cumcm_page_limit_counts_body_without_abstract_or_appendix (test_latex_paper.LatexPaperTests.test_cumcm_page_limit_counts_body_without_abstract_or_appendix) ... ok
test_doctor_reports_selected_toolchain (test_latex_paper.LatexPaperTests.test_doctor_reports_selected_toolchain) ... ok
test_explicit_missing_pdf_always_fails (test_latex_paper.LatexPaperTests.test_explicit_missing_pdf_always_fails) ... ok
test_external_bibliography_requires_latexmk (test_latex_paper.LatexPaperTests.test_external_bibliography_requires_latexmk) ... ok
test_inspects_nested_sources_figures_tables_and_bibliography (test_latex_paper.LatexPaperTests.test_inspects_nested_sources_figures_tables_and_bibliography) ... ok
test_latexmk_build_uses_relative_output_and_disables_shell_escape (test_latex_paper.LatexPaperTests.test_latexmk_build_uses_relative_output_and_disables_shell_escape) ... ok
test_legacy_manifest_requires_existing_resource_copies_to_be_bound (test_latex_paper.LatexPaperTests.test_legacy_manifest_requires_existing_resource_copies_to_be_bound) ... ok
test_line_break_spacing_is_not_counted_as_display_math (test_latex_paper.LatexPaperTests.test_line_break_spacing_is_not_counted_as_display_math) ... ok
test_non_cumcm_page_limit_uses_total_pdf_pages (test_latex_paper.LatexPaperTests.test_non_cumcm_page_limit_uses_total_pdf_pages) ... ok
test_odd_backslash_run_still_starts_display_math (test_latex_paper.LatexPaperTests.test_odd_backslash_run_still_starts_display_math) ... ok
test_pair_publish_restores_old_pdf_and_manifest_when_replace_fails (test_latex_paper.LatexPaperTests.test_pair_publish_restores_old_pdf_and_manifest_when_replace_fails) ... ok
test_pdf_audit_detects_blank_pages_and_page_size_changes (test_latex_paper.LatexPaperTests.test_pdf_audit_detects_blank_pages_and_page_size_changes) ... ok
test_pdf_font_embedding_check_distinguishes_standard_and_external_fonts (test_latex_paper.LatexPaperTests.test_pdf_font_embedding_check_distinguishes_standard_and_external_fonts) ... ok
test_pdf_must_match_current_source_and_build_manifest (test_latex_paper.LatexPaperTests.test_pdf_must_match_current_source_and_build_manifest) ... ok
test_percent_inside_verb_does_not_hide_following_input (test_latex_paper.LatexPaperTests.test_percent_inside_verb_does_not_hide_following_input) ... ok
test_prepares_bundled_template_without_overwriting (test_latex_paper.LatexPaperTests.test_prepares_bundled_template_without_overwriting) ... ok
test_quality_thresholds_require_valid_values_and_override_reason (test_latex_paper.LatexPaperTests.test_quality_thresholds_require_valid_values_and_override_reason) ... ok
test_rejects_custom_build_directory_before_compilation (test_latex_paper.LatexPaperTests.test_rejects_custom_build_directory_before_compilation) ... ok
test_rejects_empty_figures_and_tables_even_when_counts_are_met (test_latex_paper.LatexPaperTests.test_rejects_empty_figures_and_tables_even_when_counts_are_met) ... ok
test_rejects_sources_outside_project_and_missing_engine (test_latex_paper.LatexPaperTests.test_rejects_sources_outside_project_and_missing_engine) ... ok
test_rejects_svg_in_safe_compilation_chain (test_latex_paper.LatexPaperTests.test_rejects_svg_in_safe_compilation_chain) ... ok
test_reports_duplicate_labels (test_latex_paper.LatexPaperTests.test_reports_duplicate_labels) ... ok
test_reports_placeholders_orphans_and_missing_citations (test_latex_paper.LatexPaperTests.test_reports_placeholders_orphans_and_missing_citations) ... ok
test_requires_each_declared_question_to_have_a_formal_figure (test_latex_paper.LatexPaperTests.test_requires_each_declared_question_to_have_a_formal_figure) ... ok
test_resource_binding_rejects_project_root_as_source (test_latex_paper.LatexPaperTests.test_resource_binding_rejects_project_root_as_source) ... ok
test_single_file_binding_allows_destination_rename (test_latex_paper.LatexPaperTests.test_single_file_binding_allows_destination_rename) ... ok
test_supports_generic_template_with_nested_main_and_provenance (test_latex_paper.LatexPaperTests.test_supports_generic_template_with_nested_main_and_provenance) ... ok
test_unbound_common_code_and_data_formats_are_rejected (test_latex_paper.LatexPaperTests.test_unbound_common_code_and_data_formats_are_rejected) ... ok
test_unbound_resource_in_any_directory_is_rejected (test_latex_paper.LatexPaperTests.test_unbound_resource_in_any_directory_is_rejected) ... ok
test_unusable_latexmk_falls_back_to_engine_without_bibliography (test_latex_paper.LatexPaperTests.test_unusable_latexmk_falls_back_to_engine_without_bibliography) ... ok
test_verbatim_inputs_and_nocite_star_do_not_create_false_issues (test_latex_paper.LatexPaperTests.test_verbatim_inputs_and_nocite_star_do_not_create_false_issues) ... ok
test_warning_build_does_not_publish_unless_explicitly_allowed (test_latex_paper.LatexPaperTests.test_warning_build_does_not_publish_unless_explicitly_allowed) ... ok
test_actual_executor_path_must_match_execution_record (test_latex_runtime_provenance.LatexRuntimeProvenanceTests.test_actual_executor_path_must_match_execution_record) ... ok
test_actual_tex_entry_must_match_registered_entry (test_latex_runtime_provenance.LatexRuntimeProvenanceTests.test_actual_tex_entry_must_match_registered_entry) ... ok
test_actual_xelatex_runtime_build_passes_provenance (test_latex_runtime_provenance.LatexRuntimeProvenanceTests.test_actual_xelatex_runtime_build_passes_provenance) ... ok
test_changed_tex_source_invalidates_build (test_latex_runtime_provenance.LatexRuntimeProvenanceTests.test_changed_tex_source_invalidates_build) ... ok
test_direct_registered_tex_build_is_accepted (test_latex_runtime_provenance.LatexRuntimeProvenanceTests.test_direct_registered_tex_build_is_accepted) ... ok
test_dual_format_needs_word_render_in_addition_to_tex_pdf (test_latex_runtime_provenance.LatexRuntimeProvenanceTests.test_dual_format_needs_word_render_in_addition_to_tex_pdf) ... ok
test_pdf_copy_wrapper_cannot_impersonate_tex_compilation (test_latex_runtime_provenance.LatexRuntimeProvenanceTests.test_pdf_copy_wrapper_cannot_impersonate_tex_compilation) ... ok
test_recorded_requested_tool_cannot_hide_different_actual_executor (test_latex_runtime_provenance.LatexRuntimeProvenanceTests.test_recorded_requested_tool_cannot_hide_different_actual_executor) ... ok
test_tex_build_requires_registered_source_in_executed_code (test_latex_runtime_provenance.LatexRuntimeProvenanceTests.test_tex_build_requires_registered_source_in_executed_code) ... ok
test_unrelated_short_pdf_does_not_satisfy_word_page_limit (test_latex_runtime_provenance.LatexRuntimeProvenanceTests.test_unrelated_short_pdf_does_not_satisfy_word_page_limit) ... ok
test_word_page_limit_uses_current_docx_render_input (test_latex_runtime_provenance.LatexRuntimeProvenanceTests.test_word_page_limit_uses_current_docx_render_input) ... ok
test_group_and_time_cv_preserve_dependency_boundaries (test_model_validation_module.GeneralizationTests.test_group_and_time_cv_preserve_dependency_boundaries) ... ok
test_missing_group_ids_cannot_silently_drop_observations (test_model_validation_module.GeneralizationTests.test_missing_group_ids_cannot_silently_drop_observations) ... ok
test_pipeline_fits_only_fold_training_rows_and_does_not_touch_final_test (test_model_validation_module.GeneralizationTests.test_pipeline_fits_only_fold_training_rows_and_does_not_touch_final_test) ... ok
test_three_way_random_group_and_chronological_splits (test_model_validation_module.GeneralizationTests.test_three_way_random_group_and_chronological_splits) ... ok
test_actual_morris_linear_effects_and_zero_interaction (test_model_validation_module.SensitivityTests.test_actual_morris_linear_effects_and_zero_interaction) ... ok
test_actual_sobol_additive_variance_decomposition (test_model_validation_module.SensitivityTests.test_actual_sobol_additive_variance_decomposition) ... ok
test_actual_sobol_detects_pure_interaction_missed_by_first_order (test_model_validation_module.SensitivityTests.test_actual_sobol_detects_pure_interaction_missed_by_first_order) ... ok
test_local_derivative_and_undefined_zero_output_elasticity (test_model_validation_module.SensitivityTests.test_local_derivative_and_undefined_zero_output_elasticity) ... ok
test_unavailable_dependency_and_invalid_design_are_explicit (test_model_validation_module.SensitivityTests.test_unavailable_dependency_and_invalid_design_are_explicit) ... ok
test_declared_dimensions_and_manufactured_boundary_refinement_checks (test_model_validation_module.SolverAndMechanismTests.test_declared_dimensions_and_manufactured_boundary_refinement_checks) ... ok
test_feasible_fixture_never_becomes_optimal_even_at_zero_gap (test_model_validation_module.SolverAndMechanismTests.test_feasible_fixture_never_becomes_optimal_even_at_zero_gap) ... ok
test_gap_tolerance_cannot_reverse_a_bound_and_unknown_numbers_are_checked (test_model_validation_module.SolverAndMechanismTests.test_gap_tolerance_cannot_reverse_a_bound_and_unknown_numbers_are_checked) ... ok
test_local_no_bound_and_nonzero_gap_do_not_prove_global_optimum (test_model_validation_module.SolverAndMechanismTests.test_local_no_bound_and_nonzero_gap_do_not_prove_global_optimum) ... ok
test_real_highs_certificate_has_primal_dual_optimum_and_feasibility (test_model_validation_module.SolverAndMechanismTests.test_real_highs_certificate_has_primal_dual_optimum_and_feasibility) ... ok
test_wrong_bound_direction_nonfinite_or_bad_constraints_are_rejected (test_model_validation_module.SolverAndMechanismTests.test_wrong_bound_direction_nonfinite_or_bad_constraints_are_rejected) ... ok
test_bootstrap_is_seeded_and_targets_mean_not_future_observation (test_model_validation_module.UncertaintyTests.test_bootstrap_is_seeded_and_targets_mean_not_future_observation) ... ok
test_posterior_predictive_interval_is_wider_for_the_known_model (test_model_validation_module.UncertaintyTests.test_posterior_predictive_interval_is_wider_for_the_known_model) ... ok
test_complete_cumcm_front_matter_passes (test_paper_format.PaperFormatTests.test_complete_cumcm_front_matter_passes) ... ok
test_completion_gate_rejects_incomplete_docx (test_paper_format.PaperFormatTests.test_completion_gate_rejects_incomplete_docx) ... ok
test_compound_reference_citations_are_recognized (test_paper_format.PaperFormatTests.test_compound_reference_citations_are_recognized) ... ok
test_cumcm_structure_validator_requires_abstract_and_keywords (test_paper_format.PaperFormatTests.test_cumcm_structure_validator_requires_abstract_and_keywords) ... ok
test_final_quality_phrasing_does_not_trigger_internal_process_check (test_paper_format.PaperFormatTests.test_final_quality_phrasing_does_not_trigger_internal_process_check) ... ok
test_internal_process_terms_are_rejected_from_docx (test_paper_format.PaperFormatTests.test_internal_process_terms_are_rejected_from_docx) ... ok
test_markdown_residuals_are_rejected_from_docx_text (test_paper_format.PaperFormatTests.test_markdown_residuals_are_rejected_from_docx_text) ... ok
test_official_fixed_template_content_can_be_preserved (test_paper_format.PaperFormatTests.test_official_fixed_template_content_can_be_preserved) ... ok
test_other_contests_share_the_eight_figure_default (test_paper_format.PaperFormatTests.test_other_contests_share_the_eight_figure_default) ... ok
test_plain_math_symbols_do_not_trigger_markdown_residual_check (test_paper_format.PaperFormatTests.test_plain_math_symbols_do_not_trigger_markdown_residual_check) ... ok
test_quality_validation_reports_length_formula_figure_table_and_page_gaps (test_paper_format.PaperFormatTests.test_quality_validation_reports_length_formula_figure_table_and_page_gaps) ... ok
test_reference_list_and_body_citations_are_bidirectionally_checked (test_paper_format.PaperFormatTests.test_reference_list_and_body_citations_are_bidirectionally_checked) ... ok
test_reference_template_styles_are_kept_but_sample_body_is_cleared (test_paper_format.PaperFormatTests.test_reference_template_styles_are_kept_but_sample_body_is_cleared) ... ok
test_rendered_page_limits_distinguish_target_from_official_maximum (test_paper_format.PaperFormatTests.test_rendered_page_limits_distinguish_target_from_official_maximum) ... ok
test_safe_save_rejects_skill_root (test_paper_format.PaperFormatTests.test_safe_save_rejects_skill_root) ... ok
test_table_caption_must_be_referenced_in_body (test_paper_format.PaperFormatTests.test_table_caption_must_be_referenced_in_body) ... ok
test_parses_markdown_mcp_response (test_paper_search.AnySearchParserTests.test_parses_markdown_mcp_response) ... ok
test_same_engine_duplicate_titles_with_different_dois_are_collapsed (test_paper_search.FusionTests.test_same_engine_duplicate_titles_with_different_dois_are_collapsed) ... ok
test_single_engine_respects_requested_limit (test_paper_search.FusionTests.test_single_engine_respects_requested_limit) ... ok
test_specialist_query_filters_topically_unrelated_high_citation_results (test_paper_search.FusionTests.test_specialist_query_filters_topically_unrelated_high_citation_results) ... ok
test_specialist_query_keeps_partial_match_when_metadata_has_no_abstract (test_paper_search.FusionTests.test_specialist_query_keeps_partial_match_when_metadata_has_no_abstract) ... ok
test_title_match_without_doi_becomes_cross_validated (test_paper_search.FusionTests.test_title_match_without_doi_becomes_cross_validated) ... ok
test_title_match_works_when_only_one_engine_has_doi (test_paper_search.FusionTests.test_title_match_works_when_only_one_engine_has_doi) ... ok
test_extracts_venue_volume_issue_pages_and_url (test_paper_search.OpenAlexMetadataTests.test_extracts_venue_volume_issue_pages_and_url) ... ok
test_all_failed_hybrid_search_is_visible (test_paper_search.ProviderOutcomeTests.test_all_failed_hybrid_search_is_visible) ... ok
test_anysearch_rpc_and_schema_errors_are_failed (test_paper_search.ProviderOutcomeTests.test_anysearch_rpc_and_schema_errors_are_failed) ... ok
test_explicit_anysearch_empty_response_is_successful (test_paper_search.ProviderOutcomeTests.test_explicit_anysearch_empty_response_is_successful) ... ok
test_matching_metadata_never_asserts_original_text_support (test_paper_search.ProviderOutcomeTests.test_matching_metadata_never_asserts_original_text_support) ... ok
test_network_failure_is_not_a_successful_empty_search (test_paper_search.ProviderOutcomeTests.test_network_failure_is_not_a_successful_empty_search) ... ok
test_partial_service_failure_remains_visible_with_valid_results (test_paper_search.ProviderOutcomeTests.test_partial_service_failure_remains_visible_with_valid_results) ... ok
test_standalone_json_reports_failure_without_empty_search_claim (test_paper_search.ProviderOutcomeTests.test_standalone_json_reports_failure_without_empty_search_claim) ... ok
test_explicit_ordinal_order_and_unknown_code (test_preprocessing_module.PreprocessingTests.test_explicit_ordinal_order_and_unknown_code) ... ok
test_group_split_keeps_entities_together (test_preprocessing_module.PreprocessingTests.test_group_split_keeps_entities_together) ... ok
test_group_time_purges_training_groups_seen_in_the_future (test_preprocessing_module.PreprocessingTests.test_group_time_purges_training_groups_seen_in_the_future) ... ok
test_invalid_or_leaking_contracts_are_rejected (test_preprocessing_module.PreprocessingTests.test_invalid_or_leaking_contracts_are_rejected) ... ok
test_new_numeric_missingness_has_an_indicator_without_refitting (test_preprocessing_module.PreprocessingTests.test_new_numeric_missingness_has_an_indicator_without_refitting) ... ok
test_pipeline_fits_each_cross_validation_training_fold (test_preprocessing_module.PreprocessingTests.test_pipeline_fits_each_cross_validation_training_fold) ... ok
test_ratio_and_cycle_features_are_row_local_and_handle_zero_denominators (test_preprocessing_module.PreprocessingTests.test_ratio_and_cycle_features_are_row_local_and_handle_zero_denominators) ... ok
test_repeated_runs_and_cloned_estimators_are_reproducible (test_preprocessing_module.PreprocessingTests.test_repeated_runs_and_cloned_estimators_are_reproducible) ... ok
test_test_values_cannot_change_fitted_statistics_or_training_outputs (test_preprocessing_module.PreprocessingTests.test_test_values_cannot_change_fitted_statistics_or_training_outputs) ... ok
test_time_split_preserves_timestamp_ties_and_excludes_a_gap (test_preprocessing_module.PreprocessingTests.test_time_split_preserves_timestamp_ties_and_excludes_a_gap) ... ok
test_training_empty_columns_follow_the_same_explicit_policy_for_all_imputers (test_preprocessing_module.PreprocessingTests.test_training_empty_columns_follow_the_same_explicit_policy_for_all_imputers) ... ok
test_unknown_category_is_legal_without_expanding_the_training_vocabulary (test_preprocessing_module.PreprocessingTests.test_unknown_category_is_legal_without_expanding_the_training_vocabulary) ... ok
test_binary_or_non_utf8_text_is_never_reported_as_extracted (test_project_inputs.ProjectInputTests.test_binary_or_non_utf8_text_is_never_reported_as_extracted) ... ok
test_chunked_upload_decodes_multiple_parts_and_removes_owned_staging (test_project_inputs.ProjectInputTests.test_chunked_upload_decodes_multiple_parts_and_removes_owned_staging) ... ok
test_configuration_persists_false_and_shared_agent_context (test_project_inputs.ProjectInputTests.test_configuration_persists_false_and_shared_agent_context) ... ok
test_configuration_rejects_identity_changes_and_invalid_flags_atomically (test_project_inputs.ProjectInputTests.test_configuration_rejects_identity_changes_and_invalid_flags_atomically) ... ok
test_context_routes_agents_to_the_actual_algorithm_and_figure_entry_points (test_project_inputs.ProjectInputTests.test_context_routes_agents_to_the_actual_algorithm_and_figure_entry_points) ... ok
test_damaged_import_cannot_be_reapproved_and_repair_restores_eligibility (test_project_inputs.ProjectInputTests.test_damaged_import_cannot_be_reapproved_and_repair_restores_eligibility) ... ok
test_docx_text_is_extracted_with_limitations_and_malformed_original_is_preserved (test_project_inputs.ProjectInputTests.test_docx_text_is_extracted_with_limitations_and_malformed_original_is_preserved) ... ok
test_failed_chunk_import_cleans_verified_parts_without_losing_other_files (test_project_inputs.ProjectInputTests.test_failed_chunk_import_cleans_verified_parts_without_losing_other_files) ... ok
test_import_preserves_exact_original_and_never_overwrites_same_name (test_project_inputs.ProjectInputTests.test_import_preserves_exact_original_and_never_overwrites_same_name) ... ok
test_imported_tmp_attachment_is_hashed_and_restored_by_checkpoints (test_project_inputs.ProjectInputTests.test_imported_tmp_attachment_is_hashed_and_restored_by_checkpoints) ... ok
test_large_unicode_configuration_roundtrips_through_bounded_cli_stdin (test_project_inputs.ProjectInputTests.test_large_unicode_configuration_roundtrips_through_bounded_cli_stdin) ... ok
test_legacy_requirement_text_is_migrated_without_losing_content_or_inventing_a_source (test_project_inputs.ProjectInputTests.test_legacy_requirement_text_is_migrated_without_losing_content_or_inventing_a_source) ... ok
test_material_and_configuration_freshness_is_scoped_to_the_relevant_gates (test_project_inputs.ProjectInputTests.test_material_and_configuration_freshness_is_scoped_to_the_relevant_gates) ... ok
test_material_drift_is_visible_and_prevents_reading_stale_extraction (test_project_inputs.ProjectInputTests.test_material_drift_is_visible_and_prevents_reading_stale_extraction) ... ok
test_old_checkpoint_restore_preserves_new_inputs_in_the_recovery_checkpoint (test_project_inputs.ProjectInputTests.test_old_checkpoint_restore_preserves_new_inputs_in_the_recovery_checkpoint) ... ok
test_old_v2_state_migrates_without_changing_project_identity (test_project_inputs.ProjectInputTests.test_old_v2_state_migrates_without_changing_project_identity) ... ok
test_pdf_without_extractor_is_explicitly_blocked_and_original_retained (test_project_inputs.ProjectInputTests.test_pdf_without_extractor_is_explicitly_blocked_and_original_retained) ... ok
test_problem_import_invalidates_an_existing_model_review (test_project_inputs.ProjectInputTests.test_problem_import_invalidates_an_existing_model_review) ... ok
test_project_relative_source_is_copied_and_absolute_or_traversal_paths_rejected (test_project_inputs.ProjectInputTests.test_project_relative_source_is_copied_and_absolute_or_traversal_paths_rejected) ... ok
test_read_only_input_and_context_reads_preserve_restore_preview_revision (test_project_inputs.ProjectInputTests.test_read_only_input_and_context_reads_preserve_restore_preview_revision) ... ok
test_size_and_count_limits_are_enforced_before_original_publication (test_project_inputs.ProjectInputTests.test_size_and_count_limits_are_enforced_before_original_publication) ... ok
test_upload_order_size_and_cleanup_cannot_target_arbitrary_metadata (test_project_inputs.ProjectInputTests.test_upload_order_size_and_cleanup_cannot_target_arbitrary_metadata) ... ok
test_available_chinese_font_has_real_glyphs_and_renders_mixed_labels (test_project_style.ExactExportTests.test_available_chinese_font_has_real_glyphs_and_renders_mixed_labels) ... ok
test_declared_size_is_preserved_in_png_pdf_svg_and_grayscale (test_project_style.ExactExportTests.test_declared_size_is_preserved_in_png_pdf_svg_and_grayscale) ... ok
test_explicit_legacy_tight_mode_still_crops_and_restores_rc_on_export_failure (test_project_style.ExactExportTests.test_explicit_legacy_tight_mode_still_crops_and_restores_rc_on_export_failure) ... ok
test_grayscale_never_creates_or_overwrites_an_unrequested_color_png (test_project_style.ExactExportTests.test_grayscale_never_creates_or_overwrites_an_unrequested_color_png) ... ok
test_actual_optional_package_when_available_and_no_latex_required (test_project_style.ScopedStyleTests.test_actual_optional_package_when_available_and_no_latex_required) ... D:\Users\Cowork_Project\DeepSeekHarnessworkspace\math-skills-update\project-review\.venv\Lib\site-packages\scienceplots\styles_discovery.py:31: MatplotlibDeprecationWarning: The read_style_directory function was deprecated in Matplotlib 3.11 and will be removed in 3.13.
  new_stylesheets = read_style_directory(folder)
D:\Users\Cowork_Project\DeepSeekHarnessworkspace\math-skills-update\project-review\.venv\Lib\site-packages\scienceplots\styles_discovery.py:31: MatplotlibDeprecationWarning: The read_style_directory function was deprecated in Matplotlib 3.11 and will be removed in 3.13.
  new_stylesheets = read_style_directory(folder)
D:\Users\Cowork_Project\DeepSeekHarnessworkspace\math-skills-update\project-review\.venv\Lib\site-packages\scienceplots\styles_discovery.py:31: MatplotlibDeprecationWarning: The read_style_directory function was deprecated in Matplotlib 3.11 and will be removed in 3.13.
  new_stylesheets = read_style_directory(folder)
D:\Users\Cowork_Project\DeepSeekHarnessworkspace\math-skills-update\project-review\.venv\Lib\site-packages\scienceplots\styles_discovery.py:31: MatplotlibDeprecationWarning: The read_style_directory function was deprecated in Matplotlib 3.11 and will be removed in 3.13.
  new_stylesheets = read_style_directory(folder)
D:\Users\Cowork_Project\DeepSeekHarnessworkspace\math-skills-update\project-review\.venv\Lib\site-packages\scienceplots\styles_discovery.py:31: MatplotlibDeprecationWarning: The read_style_directory function was deprecated in Matplotlib 3.11 and will be removed in 3.13.
  new_stylesheets = read_style_directory(folder)
D:\Users\Cowork_Project\DeepSeekHarnessworkspace\math-skills-update\project-review\.venv\Lib\site-packages\scienceplots\styles_discovery.py:31: MatplotlibDeprecationWarning: The read_style_directory function was deprecated in Matplotlib 3.11 and will be removed in 3.13.
  new_stylesheets = read_style_directory(folder)
D:\Users\Cowork_Project\DeepSeekHarnessworkspace\math-skills-update\project-review\.venv\Lib\site-packages\scienceplots\__init__.py:24: MatplotlibDeprecationWarning: The update_nested_dict function was deprecated in Matplotlib 3.11 and will be removed in 3.13.
  update_nested_dict(plt.style.library, stylesheets)
ok
test_false_never_loads_optional_style_and_scope_restores_every_rcparam (test_project_style.ScopedStyleTests.test_false_never_loads_optional_style_and_scope_restores_every_rcparam) ... ok
test_project_root_reads_fresh_preferences_without_following_metadata_root (test_project_style.ScopedStyleTests.test_project_root_reads_fresh_preferences_without_following_metadata_root) ... ok
test_scope_restores_after_failure_and_missing_chinese_font (test_project_style.ScopedStyleTests.test_scope_restores_after_failure_and_missing_chinese_font) ... ok
test_selected_optional_style_is_honest_about_missing_dependency (test_project_style.ScopedStyleTests.test_selected_optional_style_is_honest_about_missing_dependency) ... ok
test_sparse_markers_change_encoding_without_changing_data (test_project_style.ScopedStyleTests.test_sparse_markers_change_encoding_without_changing_data) ... ok
test_success_uses_temporary_output_and_counts_formulas (test_recalc.RecalcTests.test_success_uses_temporary_output_and_counts_formulas) ... ok
test_timeout_is_reported_as_failure (test_recalc.RecalcTests.test_timeout_is_reported_as_failure) ... ok
test_only_checks_selected_features (test_reproducibility.DynamicDependencyTests.test_only_checks_selected_features) ... ok
test_can_record_matlab_runtime_and_toolboxes (test_reproducibility.ReproManifestTests.test_can_record_matlab_runtime_and_toolboxes) ... ok
test_records_hash_seed_parameters_and_command (test_reproducibility.ReproManifestTests.test_records_hash_seed_parameters_and_command) ... ok
test_refuses_output_that_points_back_into_skill_root (test_reproducibility.ReproManifestTests.test_refuses_output_that_points_back_into_skill_root) ... ok
test_refuses_project_root_inside_skill_root (test_reproducibility.ReproManifestTests.test_refuses_project_root_inside_skill_root) ... ok
test_changed_added_deleted_files_invalidate_and_clear_completion (test_runtime.RuntimeTests.test_changed_added_deleted_files_invalidate_and_clear_completion) ... ok
test_checkpoint_preview_revision_and_recovery_snapshot (test_runtime.RuntimeTests.test_checkpoint_preview_revision_and_recovery_snapshot) ... ok
test_cli_base64_json_handles_unicode_and_spaces (test_runtime.RuntimeTests.test_cli_base64_json_handles_unicode_and_spaces) ... ok
test_concurrent_writes_keep_every_note (test_runtime.RuntimeTests.test_concurrent_writes_keep_every_note) ... ok
test_empty_artifacts_and_forged_receipts_cannot_complete (test_runtime.RuntimeTests.test_empty_artifacts_and_forged_receipts_cannot_complete) ... ok
test_gate_order_self_review_and_p0_rejected (test_runtime.RuntimeTests.test_gate_order_self_review_and_p0_rejected) ... ok
test_legacy_state_backup_and_untrusted_pass_invalidated (test_runtime.RuntimeTests.test_legacy_state_backup_and_untrusted_pass_invalidated) ... ok
test_real_run_manifest_and_claim_provenance (test_runtime.RuntimeTests.test_real_run_manifest_and_claim_provenance) ... ok
test_registered_artifact_preview_cannot_escape_project (test_runtime.RuntimeTests.test_registered_artifact_preview_cannot_escape_project) ... ok
test_run_cannot_overwrite_input_and_isolates_declared_sources (test_runtime.RuntimeTests.test_run_cannot_overwrite_input_and_isolates_declared_sources) ... ok
test_run_timeout_is_recorded_without_publishing_outputs (test_runtime.RuntimeTests.test_run_timeout_is_recorded_without_publishing_outputs) ... ok
test_scoped_completion_and_no_figure_quota (test_runtime.RuntimeTests.test_scoped_completion_and_no_figure_quota) ... ok
test_stale_review_snapshot_is_rejected (test_runtime.RuntimeTests.test_stale_review_snapshot_is_rejected) ... ok
test_state_root_tampering_and_corruption_fail_closed (test_runtime.RuntimeTests.test_state_root_tampering_and_corruption_fail_closed) ... ok
test_todo_reset_and_string_collaboration (test_runtime.RuntimeTests.test_todo_reset_and_string_collaboration) ... ok
test_full_results_and_new_manifest_preserve_minimal_run_gate (test_runtime_edge_cases.GateProgressionTests.test_full_results_and_new_manifest_preserve_minimal_run_gate) ... ok
test_natural_five_gate_flow_preserves_w1_during_paper_and_render_creation (test_runtime_edge_cases.GateProgressionTests.test_natural_five_gate_flow_preserves_w1_during_paper_and_render_creation) ... ok
test_boolean_revision_is_not_an_integer_revision (test_runtime_edge_cases.RuntimeEdgeTests.test_boolean_revision_is_not_an_integer_revision) ... ok
test_checkpoint_state_tampering_is_detected (test_runtime_edge_cases.RuntimeEdgeTests.test_checkpoint_state_tampering_is_detected) ... ok
test_concurrent_runs_are_rejected_and_external_output_changes_preserved (test_runtime_edge_cases.RuntimeEdgeTests.test_concurrent_runs_are_rejected_and_external_output_changes_preserved) ... ok
test_execution_records_actual_executable_and_copied_absolute_script (test_runtime_edge_cases.RuntimeEdgeTests.test_execution_records_actual_executable_and_copied_absolute_script) ... ok
test_failed_restore_rolls_back_all_original_files (test_runtime_edge_cases.RuntimeEdgeTests.test_failed_restore_rolls_back_all_original_files) ... ok
test_invalid_output_does_not_replace_a_valid_existing_table (test_runtime_edge_cases.RuntimeEdgeTests.test_invalid_output_does_not_replace_a_valid_existing_table) ... ok
test_output_manifest_failure_is_not_left_running (test_runtime_edge_cases.RuntimeEdgeTests.test_output_manifest_failure_is_not_left_running) ... ok
test_pass_gate_requires_its_recorded_review_task (test_runtime_edge_cases.RuntimeEdgeTests.test_pass_gate_requires_its_recorded_review_task) ... ok
test_pending_gates_clear_an_incorrect_completed_flag_on_state_read (test_runtime_edge_cases.RuntimeEdgeTests.test_pending_gates_clear_an_incorrect_completed_flag_on_state_read) ... ok
test_project_cannot_contain_its_skill_installation (test_runtime_edge_cases.RuntimeEdgeTests.test_project_cannot_contain_its_skill_installation) ... ok
test_publication_failure_restores_already_replaced_outputs (test_runtime_edge_cases.RuntimeEdgeTests.test_publication_failure_restores_already_replaced_outputs) ... ok
test_read_only_state_polling_does_not_expire_restore_preview (test_runtime_edge_cases.RuntimeEdgeTests.test_read_only_state_polling_does_not_expire_restore_preview) ... ok
test_real_matplotlib_svg_external_doctype_is_supported (test_runtime_edge_cases.RuntimeEdgeTests.test_real_matplotlib_svg_external_doctype_is_supported) ... ok
test_receipt_schema_requires_rework_field (test_runtime_edge_cases.RuntimeEdgeTests.test_receipt_schema_requires_rework_field) ... ok
test_restore_handles_file_directory_shape_changes (test_runtime_edge_cases.RuntimeEdgeTests.test_restore_handles_file_directory_shape_changes) ... ok
test_restore_preview_is_invalidated_by_external_file_edits (test_runtime_edge_cases.RuntimeEdgeTests.test_restore_preview_is_invalidated_by_external_file_edits) ... ok
test_run_log_read_is_bounded_and_ignores_tampered_state_log_paths (test_runtime_edge_cases.RuntimeEdgeTests.test_run_log_read_is_bounded_and_ignores_tampered_state_log_paths) ... ok
test_source_copy_failure_is_finalized_and_does_not_leave_running (test_runtime_edge_cases.RuntimeEdgeTests.test_source_copy_failure_is_finalized_and_does_not_leave_running) ... ok
test_unknown_scope_cannot_remove_all_completion_requirements (test_runtime_edge_cases.RuntimeEdgeTests.test_unknown_scope_cannot_remove_all_completion_requirements) ... ok
test_whitespace_does_not_turn_the_author_into_an_independent_reviewer (test_runtime_edge_cases.RuntimeEdgeTests.test_whitespace_does_not_turn_the_author_into_an_independent_reviewer) ... ok
test_failed_probe_is_explicit_and_does_not_copy_error_output (test_runtime_environment.RuntimeEnvironmentTests.test_failed_probe_is_explicit_and_does_not_copy_error_output) ... ok
test_replay_quoting_preserves_spaces_apostrophes_and_metacharacters (test_runtime_environment.RuntimeEnvironmentTests.test_replay_quoting_preserves_spaces_apostrophes_and_metacharacters) ... ok
test_run_probes_the_executed_python_and_records_replay (test_runtime_environment.RuntimeEnvironmentTests.test_run_probes_the_executed_python_and_records_replay) ... ok
test_successful_solver_with_failed_probe_cannot_prepare_p1 (test_runtime_environment.RuntimeEnvironmentTests.test_successful_solver_with_failed_probe_cannot_prepare_p1) ... ok
test_concurrent_writes_keep_all_notes_across_repeated_contention (test_runtime_locking.RuntimeLockTests.test_concurrent_writes_keep_all_notes_across_repeated_contention) ... ok
test_existing_lock_timeout_remains_project_locked (test_runtime_locking.RuntimeLockTests.test_existing_lock_timeout_remains_project_locked) ... ok
test_lock_metadata_write_failure_is_not_retried_and_releases_owned_lock (test_runtime_locking.RuntimeLockTests.test_lock_metadata_write_failure_is_not_retried_and_releases_owned_lock) ... ok
test_non_windows_permission_and_unrelated_io_errors_are_not_retried (test_runtime_locking.RuntimeLockTests.test_non_windows_permission_and_unrelated_io_errors_are_not_retried) ... ok
test_persistent_windows_permission_error_keeps_original_error_and_deadline (test_runtime_locking.RuntimeLockTests.test_persistent_windows_permission_error_keeps_original_error_and_deadline) ... ok
test_real_windows_delete_pending_retries_until_last_handle_closes (test_runtime_locking.RuntimeLockTests.test_real_windows_delete_pending_retries_until_last_handle_closes) ... ok
test_windows_transient_permission_error_retries_creation_only (test_runtime_locking.RuntimeLockTests.test_windows_transient_permission_error_retries_creation_only) ... ok
test_generates_16_9_svg_with_dynamic_y_ticks (test_star_history.StarHistoryTests.test_generates_16_9_svg_with_dynamic_y_ticks) ... ok
test_x_axis_includes_updated_month (test_star_history.StarHistoryTests.test_x_axis_includes_updated_month) ... ok
test_y_axis_interval_grows_with_star_count (test_star_history.StarHistoryTests.test_y_axis_interval_grows_with_star_count) ... ok
test_author_self_review_is_rejected (test_subagent_protocol.SubagentProtocolTests.test_author_self_review_is_rejected) ... ok
test_changed_model_rejects_stale_receipt (test_subagent_protocol.SubagentProtocolTests.test_changed_model_rejects_stale_receipt) ... ok
test_cli_new_process_restores_shared_state (test_subagent_protocol.SubagentProtocolTests.test_cli_new_process_restores_shared_state) ... ok
test_deleted_evidence_revokes_completion (test_subagent_protocol.SubagentProtocolTests.test_deleted_evidence_revokes_completion) ... ok
test_full_workflow_cannot_skip_to_final_review (test_subagent_protocol.SubagentProtocolTests.test_full_workflow_cannot_skip_to_final_review) ... ok
test_missing_review_cannot_be_reported_as_independent_completion (test_subagent_protocol.SubagentProtocolTests.test_missing_review_cannot_be_reported_as_independent_completion) ... ok
test_new_input_invalidates_current_review (test_subagent_protocol.SubagentProtocolTests.test_new_input_invalidates_current_review) ... ok
test_single_phase_does_not_require_other_phase_reviews (test_subagent_protocol.SubagentProtocolTests.test_single_phase_does_not_require_other_phase_reviews) ... ok
test_unresolved_major_finding_cannot_pass (test_subagent_protocol.SubagentProtocolTests.test_unresolved_major_finding_cannot_pass) ... ok
test_cache_supports_offline_and_rejects_modified_text (test_visualization_integrations.VisualizationIntegrations.test_cache_supports_offline_and_rejects_modified_text) ... ok
test_drawio_preserves_editable_labels_and_connections (test_visualization_integrations.VisualizationIntegrations.test_drawio_preserves_editable_labels_and_connections) ... ok
test_drawio_rejects_dangling_edges_and_invalid_geometry (test_visualization_integrations.VisualizationIntegrations.test_drawio_rejects_dangling_edges_and_invalid_geometry) ... ok
test_vendored_files_match_reviewed_hashes (test_visualization_integrations.VisualizationIntegrations.test_vendored_files_match_reviewed_hashes) ... ok
test_expected_row_count_mismatch_fails_loudly (test_xlsx_read.ExcelReadTests.test_expected_row_count_mismatch_fails_loudly) ... ok
test_headerless_sheet_keeps_first_value_and_all_7470_rows (test_xlsx_read.ExcelReadTests.test_headerless_sheet_keeps_first_value_and_all_7470_rows) ... ok

----------------------------------------------------------------------
Ran 314 tests in 60.238s

OK
  OK 'EQ' -> 已插入 2 处公式
  OK 'EQ' -> 已插入 1 处公式
[scipilot-figure-skill] wrote C:\Users\Renaissance2\AppData\Local\Temp\tmpapu4msfy\chinese.pdf
[scipilot-figure-skill] wrote C:\Users\Renaissance2\AppData\Local\Temp\tmpapu4msfy\chinese.svg
[scipilot-figure-skill] wrote C:\Users\Renaissance2\AppData\Local\Temp\tmpapu4msfy\chinese.png
[scipilot-figure-skill] wrote C:\Users\Renaissance2\AppData\Local\Temp\tmpsn4cjt4s\figure.pdf
[scipilot-figure-skill] wrote C:\Users\Renaissance2\AppData\Local\Temp\tmpsn4cjt4s\figure.svg
[scipilot-figure-skill] wrote C:\Users\Renaissance2\AppData\Local\Temp\tmpsn4cjt4s\figure.png
[scipilot-figure-skill] wrote C:\Users\Renaissance2\AppData\Local\Temp\tmpsn4cjt4s\figure_grayscale.png (grayscale preview)
[scipilot-figure-skill] wrote C:\Users\Renaissance2\AppData\Local\Temp\tmpk0h6zpot\tight.png
[scipilot-figure-skill] wrote C:\Users\Renaissance2\AppData\Local\Temp\tmpwvlnw2v7\figure.pdf
[scipilot-figure-skill] wrote C:\Users\Renaissance2\AppData\Local\Temp\tmpwvlnw2v7\figure_grayscale.png (grayscale preview)
